
Memory Configuration

Name             Origin             Length             Attributes
FLASH            0x08000000         0x00020000         xr
SRAM             0x20000000         0x00005000         xrw
*default*        0x00000000         0xffffffff

Linker script and memory map


.text           0x08000000      0x198
 *(.vectors*)
 .vectors       0x08000000       0x18 startup.o
                0x08000000                vectors
 *(.text*)
 .text          0x08000018       0xb8 main.o
                0x08000018                main
 .text          0x080000d0       0xc8 startup.o
                0x080000d0                Reset_Handler
                0x0800018c                MM_Fault_Handler
                0x0800018c                H_Fault_Handler
                0x0800018c                Bus_Fault
                0x0800018c                Default_Handler
                0x0800018c                Usage_Fault_Handler
                0x0800018c                NMI_Handler
 *(.rodata)
                0x08000198                _E_text = .

.glue_7         0x08000198        0x0
 .glue_7        0x00000000        0x0 linker stubs

.glue_7t        0x08000198        0x0
 .glue_7t       0x00000000        0x0 linker stubs

.vfp11_veneer   0x08000198        0x0
 .vfp11_veneer  0x00000000        0x0 linker stubs

.v4_bx          0x08000198        0x0
 .v4_bx         0x00000000        0x0 linker stubs

.iplt           0x08000198        0x0
 .iplt          0x00000000        0x0 main.o

.rel.dyn        0x08000198        0x0
 .rel.iplt      0x00000000        0x0 main.o

.data           0x20000000        0x4 load address 0x08000198
                0x20000000                _S_data = .
 *(.data)
 .data          0x20000000        0x4 main.o
                0x20000000                R_ODR
 .data          0x20000004        0x0 startup.o
                0x20000004                . = ALIGN (0x4)
                0x20000004                _E_data = .

.igot.plt       0x20000004        0x0 load address 0x0800019c
 .igot.plt      0x00000000        0x0 main.o

.bss            0x20000004     0x1000 load address 0x0800019c
                0x20000004                _S_bss = .
 *(.bss)
 .bss           0x20000004        0x0 main.o
 .bss           0x20000004        0x0 startup.o
                0x20000004                . = ALIGN (0x4)
                0x20000004                _E_bss = .
                0x20001004                . = (. + 0x1000)
 *fill*         0x20000004     0x1000 
                0x20001004                _stack_top = .
LOAD main.o
LOAD startup.o
OUTPUT(second_lab.elf elf32-littlearm)

.debug_info     0x00000000      0x261
 .debug_info    0x00000000       0xea main.o
 .debug_info    0x000000ea      0x177 startup.o

.debug_abbrev   0x00000000      0x1ab
 .debug_abbrev  0x00000000       0xd3 main.o
 .debug_abbrev  0x000000d3       0xd8 startup.o

.debug_loc      0x00000000       0x9c
 .debug_loc     0x00000000       0x38 main.o
 .debug_loc     0x00000038       0x64 startup.o

.debug_aranges  0x00000000       0x40
 .debug_aranges
                0x00000000       0x20 main.o
 .debug_aranges
                0x00000020       0x20 startup.o

.debug_line     0x00000000       0xff
 .debug_line    0x00000000       0x4e main.o
 .debug_line    0x0000004e       0xb1 startup.o

.debug_str      0x00000000      0x18c
 .debug_str     0x00000000       0xb3 main.o
                                 0xc0 (size before relaxing)
 .debug_str     0x000000b3       0xd9 startup.o
                                0x191 (size before relaxing)

.comment        0x00000000       0x11
 .comment       0x00000000       0x11 main.o
                                 0x12 (size before relaxing)
 .comment       0x00000000       0x12 startup.o

.ARM.attributes
                0x00000000       0x33
 .ARM.attributes
                0x00000000       0x33 main.o
 .ARM.attributes
                0x00000033       0x33 startup.o

.debug_frame    0x00000000       0x78
 .debug_frame   0x00000000       0x2c main.o
 .debug_frame   0x0000002c       0x4c startup.o
